============================= test session starts =============================
platform win32 -- Python 3.11.9, pytest-9.1.1, pluggy-1.6.0 -- C:\Users\BAdri\credit-card-fraud-mlops\venv\Scripts\python.exe
cachedir: .pytest_cache
rootdir: C:\Users\BAdri\credit-card-fraud-mlops
configfile: pytest.ini
testpaths: tests
plugins: anyio-4.15.1
collecting ... collected 5 items

tests/test_api.py::test_home PASSED                                      [ 20%]
tests/test_api.py::test_health PASSED                                    [ 40%]
tests/test_api.py::test_invalid_feature_count PASSED                     [ 60%]
tests/test_api.py::test_legitimate_prediction PASSED                     [ 80%]
tests/test_api.py::test_fraud_prediction PASSED                          [100%]

============================== warnings summary ===============================
venv\Lib\site-packages\fastapi\testclient.py:1
  C:\Users\BAdri\credit-card-fraud-mlops\venv\Lib\site-packages\fastapi\testclient.py:1: StarletteDeprecationWarning: Using `httpx` with `starlette.testclient` is deprecated; install `httpx2` instead.
    from starlette.testclient import TestClient as TestClient  # noqa

-- Docs: https://docs.pytest.org/en/stable/how-to/capture-warnings.html
======================== 5 passed, 1 warning in 2.09s =========================
